[
    {
        "Name": " no trim space0 ",
        "OldName": null,
        "TreeGuid": null,
        "RenameCopyPercentage": null,
        "Staged": 2,
        "IsTracked": false,
        "IsDeleted": false,
        "IsChanged": false,
        "IsNew": false,
        "IsIgnored": false,
        "IsRenamed": false,
        "IsCopied": false,
        "IsConflict": false,
        "IsAssumeUnchanged": false,
        "IsSkipWorktree": false,
        "IsSubmodule": true
    },
    {
        "Name": " no trim space1 ",
        "OldName": null,
        "TreeGuid": null,
        "RenameCopyPercentage": null,
        "Staged": 2,
        "IsTracked": false,
        "IsDeleted": false,
        "IsChanged": true,
        "IsNew": false,
        "IsIgnored": false,
        "IsRenamed": false,
        "IsCopied": false,
        "IsConflict": false,
        "IsAssumeUnchanged": false,
        "IsSkipWorktree": false,
        "IsSubmodule": true
    }
]