[
    {
        "Name": "adfs.h",
        "OldName": null,
        "TreeGuid": null,
        "RenameCopyPercentage": null,
        "Staged": 2,
        "IsTracked": false,
        "IsDeleted": false,
        "IsChanged": false,
        "IsNew": false,
        "IsIgnored": false,
        "IsRenamed": false,
        "IsCopied": false,
        "IsConflict": false,
        "IsAssumeUnchanged": false,
        "IsSkipWorktree": false,
        "IsSubmodule": true
    },
    {
        "Name": "ignored_file",
        "OldName": null,
        "TreeGuid": null,
        "RenameCopyPercentage": null,
        "Staged": 2,
        "IsTracked": false,
        "IsDeleted": false,
        "IsChanged": false,
        "IsNew": true,
        "IsIgnored": true,
        "IsRenamed": false,
        "IsCopied": false,
        "IsConflict": false,
        "IsAssumeUnchanged": false,
        "IsSkipWorktree": false,
        "IsSubmodule": false
    }
]